Java HotSpot(TM) 64-Bit Server VM (25.141-b15) for windows-amd64 JRE (1.8.0_141-b15), built on Jul 12 2017 04:25:12 by "java_re" with MS VC++ 10.0 (VS2010)
Memory: 4k page, physical 33392180k(26190664k free), swap 35489332k(26142080k free)

CommandLine flags:
-XX:InitialHeapSize=20971520 -XX:MaxHeapSize=20971520 -XX:MaxNewSize=10485760 -XX:MaxTenuringThreshold=15
-XX:NewSize=10485760 -XX:OldPLABSize=16 -XX:PretenureSizeThreshold=10485760 -XX:+PrintGC -XX:+PrintGCDetails
-XX:+PrintGCTimeStamps -XX:SurvivorRatio=8 -XX:+UseCompressedClassPointers -XX:+UseCompressedOops -XX:+UseConcMarkSweepGC
-XX:-UseLargePagesIndividualAllocation -XX:+UseParNewGC

0.099: [GC (Allocation Failure) 0.099:
[ParNew: 6309K->673K(9216K), 0.0016268 secs] 6309K->2723K(19456K), 0.0017226 secs]
[Times: user=0.00 sys=0.00, real=0.00 secs]

0.102: [GC (Allocation Failure) 0.102:
[ParNew: 7184K->472K(9216K), 0.0020404 secs] 9234K->5217K(19456K), 0.0020647 secs]
[Times: user=0.00 sys=0.00, real=0.00 secs]

Heap
 par new generation   total 9216K, used 4989K [0x00000000fec00000, 0x00000000ff600000, 0x00000000ff600000)
  eden space 8192K,  55% used [0x00000000fec00000, 0x00000000ff0695f0, 0x00000000ff400000)
  from space 1024K,  46% used [0x00000000ff400000, 0x00000000ff476150, 0x00000000ff500000)
  to   space 1024K,   0% used [0x00000000ff500000, 0x00000000ff500000, 0x00000000ff600000)
 concurrent mark-sweep generation total 10240K, used 4745K [0x00000000ff600000, 0x0000000100000000, 0x0000000100000000)
 Metaspace       used 3467K, capacity 4496K, committed 4864K, reserved 1056768K
  class space    used 381K, capacity 388K, committed 512K, reserved 1048576K
